etGet SNMP Server v0.1'"
  IRC (Alpha): "Start an IRC server"
  Telnet (Alpha): "Start a telnet server on port 23 that echoes commands"
  SMTP (Alpha): "Start an SMTP mail server on port 25"
  mDNS (Alpha): "Advertise a web service via mDNS on port 8080"
  Ethernet (Alpha; root-only)
  UDP (Alpha)
  DHCP (Alpha)

Other prompts:







●  TUI initialized, event loop starting

────────────────────────────────────────────────────────────────────────────────
No servers running
────────────────────────────────────────────────────────────────────────────────
Input:
 Idle | - | no connection | qwen3-coder:30b | ↑0 ↓0