













Test line 1 of 5
Test line 2 of 5
Test line 3 of 5
Test line 4 of 5
Test line 5 of 5
────────────────────────────────────────────────────────────────────────────────
No servers running
────────────────────────────────────────────────────────────────────────────────
Input:
 Idle | - | no connection | qwen3-coder:30b | ↑0 ↓0