



Test line 1 of 15
Test line 2 of 15
Test line 3 of 15
Test line 4 of 15
Test line 5 of 15
Test line 6 of 15
Test line 7 of 15
Test line 8 of 15
Test line 9 of 15
Test line 10 of 15
Test line 11 of 15
Test line 12 of 15
Test line 13 of 15
Test line 14 of 15
Test line 15 of 15
────────────────────────────────────────────────────────────────────────────────
No servers running
────────────────────────────────────────────────────────────────────────────────
Input:
 Idle | - | no connection | qwen3-coder:30b | ↑0 ↓0