Test line 2 of 20
Test line 3 of 20
Test line 4 of 20
Test line 5 of 20
Test line 6 of 20
Test line 7 of 20
Test line 8 of 20
Test line 9 of 20
Test line 10 of 20
Test line 11 of 20
Test line 12 of 20
Test line 13 of 20
Test line 14 of 20
Test line 15 of 20
Test line 16 of 20
Test line 17 of 20
Test line 18 of 20
Test line 19 of 20
Test line 20 of 20
────────────────────────────────────────────────────────────────────────────────
No servers running
────────────────────────────────────────────────────────────────────────────────
Input:
 Idle | - | no connection | qwen3-coder:30b | ↑0 ↓0