## Available Base Stacks

Each protocol stack has a specific name to use in the 'base_stack' field:

### ETH>IP>TCP
Stack name: "ETH>IP>TCP"
No startup parameters.

### ETH>IP>TCP>HTTP
Stack name: "ETH>IP>TCP>HTTP"
No startup parameters.

### ETH
Stack name: "ETH"
No startup parameters.

### ETH>IP>UDP
Stack name: "ETH>IP>UDP"
No startup parameters.

### ETH>IP>UDP>DNS
Stack name: "ETH>IP>UDP>DNS"
No startup parameters.

### ETH>IP>UDP>DHCP
Stack name: "ETH>IP>UDP>DHCP"
No startup parameters.

### ETH>IP>UDP>NTP
Stack name: "ETH>IP>UDP>NTP"
No startup parameters.

### ETH>IP>UDP>SNMP
Stack name: "ETH>IP>UDP>SNMP"
No startup parameters.

### ETH>IP>TCP>SSH
Stack name: "ETH>IP>TCP>SSH"
No startup parameters.

### ETH>IP>TCP>IRC
Stack name: "ETH>IP>TCP>IRC"
No startup parameters.

### ETH>IP>TCP>Telnet
Stack name: "ETH>IP>TCP>Telnet"
No startup parameters.

### ETH>IP>TCP>SMTP
Stack name: "ETH>IP>TCP>SMTP"
No startup parameters.

### ETH>IP>UDP>mDNS
Stack name: "ETH>IP>UDP>mDNS"
No startup parameters.

### ETH>IP>TCP>MySQL
Stack name: "ETH>IP>TCP>MySQL"
No startup parameters.

### ETH>IP>TCP>HTTP>IPP
Stack name: "ETH>IP>TCP>HTTP>IPP"
No startup parameters.

### ETH>IP>TCP>PostgreSQL
Stack name: "ETH>IP>TCP>PostgreSQL"
No startup parameters.

### ETH>IP>TCP>Redis
Stack name: "ETH>IP>TCP>Redis"
No startup parameters.

### ETH>IP>TCP>HTTP>PROXY
Stack name: "ETH>IP>TCP>HTTP>PROXY"
Startup parameters:
  • certificate_mode (optional) - Certificate mode: 'generate' (MITM with generated cert), 'none' (pass-through, no MITM)
    Example: "generate"
  • cert_path (optional) - Path to certificate file (only if certificate_mode is 'load_from_file')
    Example: "/path/to/cert.pem"
  • key_path (optional) - Path to private key file (only if certificate_mode is 'load_from_file')
    Example: "/path/to/key.pem"
  • request_filter_mode (optional) - Request filter mode: 'all' (intercept everything), 'match_only' (only if filters match), 'none' (pass through)
    Example: "match_only"
  • response_filter_mode (optional) - Response filter mode: 'all', 'match_only', or 'none'
    Example: "all"
  • https_connection_filter_mode (optional) - HTTPS connection filter mode (pass-through only): 'all', 'match_only', or 'none'
    Example: "match_only"

### ETH>IP>TCP>HTTP>WEBDAV
Stack name: "ETH>IP>TCP>HTTP>WEBDAV"
No startup parameters.

### ETH>IP>TCP>NFS
Stack name: "ETH>IP>TCP>NFS"
No startup parameters.

