[36m╭─────────────────────────────────────────╮[0m
[36m│[0m [1mProtocol: Bgp[0m [36m│[0m
[36m╰─────────────────────────────────────────╯[0m

[96m▸ Stack:[0m [32mETH>IP>TCP>BGP[0m
[96m▸ Status:[0m [33mα Alpha[0m

[96m▸ Description:[0m
  [2mBGP routing protocol where the LLM handles peering and route announcements[0m


[96m━━━ Event Types ━━━[0m

[2mThis protocol can emit the following network events:[0m

[35m▸ Event: [1mbgp_open[0m
  [90mBGP OPEN message received from peer[0m

  [90mNo specific actions available for this event.[0m

[35m▸ Event: [1mbgp_update[0m
  [90mBGP UPDATE message received (route announcement or withdrawal)[0m

  [90mNo specific actions available for this event.[0m

[35m▸ Event: [1mbgp_keepalive[0m
  [90mBGP KEEPALIVE message received[0m

  [90mNo specific actions available for this event.[0m

[35m▸ Event: [1mbgp_notification[0m
  [90mBGP NOTIFICATION message received (error)[0m

  [90mNo specific actions available for this event.[0m


[96m━━━ User-Triggered Actions ━━━[0m

[2mThese actions can be triggered by user input (not tied to network events):[0m

[32m•[0m [1mannounce_route[0m: Announce a BGP route to peers
  [36mParameters:[0m
    - [1mprefix[0m ([33mstring[0m): IP prefix to announce (e.g., "10.0.0.0/24")
    - [1mnext_hop[0m ([33mstring[0m): Next hop IP address
  [2mExample:[0m [90m{
  "type": "announce_route",
  "prefix": "10.0.0.0/24",
  "next_hop": "192.168.1.1"
}[0m

[32m•[0m [1mwithdraw_route[0m: Withdraw a previously announced BGP route
  [36mParameters:[0m
    - [1mprefix[0m ([33mstring[0m): IP prefix to withdraw (e.g., "10.0.0.0/24")
  [2mExample:[0m [90m{
  "type": "withdraw_route",
  "prefix": "10.0.0.0/24"
}[0m

[32m•[0m [1mreset_peer[0m: Reset BGP session with peer (send NOTIFICATION and close)
  [2mExample:[0m [90m{
  "type": "reset_peer"
}[0m

