[36m╭─────────────────────────────────────────╮[0m
[36m│[0m [1mProtocol: Tcp[0m [36m│[0m
[36m╰─────────────────────────────────────────╯[0m

[96m▸ Stack:[0m [32mETH>IP>TCP[0m
[96m▸ Status:[0m [93mβ Beta[0m

[96m▸ Description:[0m
  [2mRaw TCP/IP stack where the LLM constructs entire protocol messages from scratch[0m


[96m━━━ Event Types ━━━[0m

[2mThis protocol can emit the following network events:[0m

[35m▸ Event: [1mtcp_connection_opened[0m
  [90mNew TCP connection established (send initial greeting/banner if needed)[0m

  [36mAvailable Actions:[0m
    [32m•[0m [1msend_tcp_data[0m: Send data over the current TCP connection
      [2mParameters:[0m
        - [1mdata[0m ([33mstring[0m): Data to send
      [2mExample:[0m [90m{
  "type": "send_tcp_data",
  "data": "220 Welcome\r\n"
}[0m
    [32m•[0m [1mclose_this_connection[0m: Close the current TCP connection
      [2mExample:[0m [90m{
  "type": "close_this_connection"
}[0m

[35m▸ Event: [1mtcp_data_received[0m
  [90mData received on TCP connection[0m

  [36mEvent Data:[0m
    [34m•[0m [1mdata[0m ([33mstring[0m): The data received (as hex string or UTF-8 if printable)

  [36mAvailable Actions:[0m
    [32m•[0m [1msend_tcp_data[0m: Send data over the current TCP connection
      [2mParameters:[0m
        - [1mdata[0m ([33mstring[0m): Data to send
      [2mExample:[0m [90m{
  "type": "send_tcp_data",
  "data": "220 Welcome\r\n"
}[0m
    [32m•[0m [1mwait_for_more[0m: Wait for more data before responding (accumulate incomplete protocol data)
      [2mExample:[0m [90m{
  "type": "wait_for_more"
}[0m
    [32m•[0m [1mclose_this_connection[0m: Close the current TCP connection
      [2mExample:[0m [90m{
  "type": "close_this_connection"
}[0m


[96m━━━ User-Triggered Actions ━━━[0m

[2mThese actions can be triggered by user input (not tied to network events):[0m

[32m•[0m [1msend_to_connection[0m: Send data to a specific TCP connection (async action)
  [36mParameters:[0m
    - [1mconnection_id[0m ([33mstring[0m): Connection ID to send to
    - [1mdata[0m ([33mstring[0m): Data to send
  [2mExample:[0m [90m{
  "type": "send_to_connection",
  "connection_id": "conn_12345",
  "data": "Hello from TCP"
}[0m

[32m•[0m [1mclose_connection[0m: Close a specific TCP connection (async action)
  [36mParameters:[0m
    - [1mconnection_id[0m ([33mstring[0m): Connection ID to close
  [2mExample:[0m [90m{
  "type": "close_connection",
  "connection_id": "conn_12345"
}[0m

[32m•[0m [1mlist_connections[0m: List all active TCP connections (async action)
  [2mExample:[0m [90m{
  "type": "list_connections"
}[0m

